OOMKilled: container exceeded memory limit of 512Mi
